node.exe : PASS src/__tests__/integration/handleConfirm.test.js
At C:\Program Files\nodejs\npx.ps1:29 char:3
+   & $NODE_EXE $NPX_CLI_JS $args
+   ~~~~~~~~~~~~~~~~~~~~~~~~~~~~~
    + CategoryInfo          : NotSpecified: (PASS src/__test...Confirm.test.js:String) [], RemoteException
    + FullyQualifiedErrorId : NativeCommandError
 
PASS src/__tests__/unit/validateStockAvailability.test.js
PASS src/__tests__/unit/exchangeContext.test.js
FAIL src/__tests__/integration/dealerExchangePage.sell.test.jsx
  ΓùÅ Test suite failed to run

    ReferenceError: TextEncoder is not defined

    [0m [90m  6 |[39m [36mimport[39m [33mReact[39m [36mfrom[39m [32m'react'[39m[33m;[39m
     [90m  7 |[39m [36mimport[39m { render } [36mfrom[39m [32m'@testing-library/react'[39m[33m;[39m
    [31m[1m>[22m[39m[90m  8 |[39m [36mimport[39m { [33mMemoryRouter[39m } [36mfrom[39m 
[32m'react-router-dom'[39m[33m;[39m
     [90m    |[39m [31m[1m^[22m[39m
     [90m  9 |[39m [36mimport[39m { [33mUserContext[39m }     [36mfrom[39m 
[32m'../../context/UserContext'[39m[33m;[39m
     [90m 10 |[39m [36mimport[39m { [33mSettingsContext[39m } [36mfrom[39m 
[32m'../../context/SettingsContext'[39m[33m;[39m
     [90m 11 |[39m [36mimport[39m { [33mExchangeProvider[39m }[36mfrom[39m 
[32m'../../context/ExchangeContext'[39m[33m;[39m[0m

      at Object.<anonymous> (C:\New folder 
(13)../../moneygram/node_modules/react-router/dist/development/index.js:342:31)
      at Object.<anonymous> (C:\New folder 
(13)../../moneygram/node_modules/react-router/dist/development/dom-export.js:40:20)
      at Object.<anonymous> (C:\New folder (13)../../moneygram/node_modules/react-router-dom/dist/index.js:38:18)
      at Object.require (C:\New folder (13)../../moneygram/src/__tests__/helpers/renderWithProviders.jsx:8:1)
      at Object.require (C:\New folder 
(13)../../moneygram/src/__tests__/integration/dealerExchangePage.sell.test.jsx:16:1)

FAIL src/__tests__/unit/useDenominationCalculator.test.js
  ΓùÅ buildRows() ΓÇ║ returns empty array when amount is 0 or falsy

    expect(received).toHaveLength(expected)

    Expected length: 11
    Received length: 0
    Received array:  []

    [0m [90m 29 |[39m
     [90m 30 |[39m   test([32m'returns empty array when amount is 0 or falsy'[39m[33m,[39m () [33m=>[39m {
    [31m[1m>[22m[39m[90m 31 |[39m     expect(buildRows([35m0[39m[33m,[39m   
denoms))[33m.[39mtoHaveLength(denoms[33m.[39mlength)[33m;[39m [90m// all zeros[39m
     [90m    |[39m                                    [31m[1m^[22m[39m
     [90m 32 |[39m     expect(buildRows([36mnull[39m[33m,[39m denoms))[33m.[39mtoEqual([])[33m;[39m
     [90m 33 |[39m     expect(buildRows(undefined[33m,[39m denoms))[33m.[39mtoEqual([])[33m;[39m
     [90m 34 |[39m   })[33m;[39m[0m

      at Object.toHaveLength (C:\New folder 
(13)../../moneygram/src/__tests__/unit/useDenominationCalculator.test.js:31:36)

FAIL src/__tests__/integration/dealerExchangePage.buy.test.jsx
  ΓùÅ Test suite failed to run

    ReferenceError: TextEncoder is not defined

    [0m [90m  6 |[39m [36mimport[39m [33mReact[39m [36mfrom[39m [32m'react'[39m[33m;[39m
     [90m  7 |[39m [36mimport[39m { render } [36mfrom[39m [32m'@testing-library/react'[39m[33m;[39m
    [31m[1m>[22m[39m[90m  8 |[39m [36mimport[39m { [33mMemoryRouter[39m } [36mfrom[39m 
[32m'react-router-dom'[39m[33m;[39m
     [90m    |[39m [31m[1m^[22m[39m
     [90m  9 |[39m [36mimport[39m { [33mUserContext[39m }     [36mfrom[39m 
[32m'../../context/UserContext'[39m[33m;[39m
     [90m 10 |[39m [36mimport[39m { [33mSettingsContext[39m } [36mfrom[39m 
[32m'../../context/SettingsContext'[39m[33m;[39m
     [90m 11 |[39m [36mimport[39m { [33mExchangeProvider[39m }[36mfrom[39m 
[32m'../../context/ExchangeContext'[39m[33m;[39m[0m

      at Object.<anonymous> (C:\New folder 
(13)../../moneygram/node_modules/react-router/dist/development/index.js:342:31)
      at Object.<anonymous> (C:\New folder 
(13)../../moneygram/node_modules/react-router/dist/development/dom-export.js:40:20)
      at Object.<anonymous> (C:\New folder (13)../../moneygram/node_modules/react-router-dom/dist/index.js:38:18)
      at Object.require (C:\New folder (13)../../moneygram/src/__tests__/helpers/renderWithProviders.jsx:8:1)
      at Object.require (C:\New folder 
(13)../../moneygram/src/__tests__/integration/dealerExchangePage.buy.test.jsx:28:1)

FAIL src/__tests__/unit/useExchangeCalculation.test.js
  ΓùÅ roundTo5Cents() ΓÇ║ roundTo5Cents(25.075) ΓåÆ 25.1

    expect(received).toBeCloseTo(expected, precision)

    Expected: 25.1
    Received: 25.05

    Expected precision:    10
    Expected difference: < 0.00000000005
    Received difference:   0.05000000000000071

    [0m [90m 40 |[39m     [32m'roundTo5Cents(%p) ΓåÆ %p'[39m[33m,[39m
     [90m 41 |[39m     (input[33m,[39m expected) [33m=>[39m {
    [31m[1m>[22m[39m[90m 42 |[39m       expect(roundTo5Cents(input))[33m.[39mtoBeCloseTo(expected[33m,[39m 
[35m10[39m)[33m;[39m
     [90m    |[39m                                    [31m[1m^[22m[39m
     [90m 43 |[39m     }
     [90m 44 |[39m   )[33m;[39m
     [90m 45 |[39m })[33m;[39m[0m

      at toBeCloseTo (C:\New folder (13)../../moneygram/src/__tests__/unit/useExchangeCalculation.test.js:42:36)

Test Suites: 4 failed, 3 passed, 7 total
Tests:       2 failed, 79 passed, 81 total
Snapshots:   0 total
Time:        7.061 s
Ran all test suites.
